SEQUENCE: gag
SCORE:     score    chainbreak       N_WC      N_NWC       N_BS description
REMARK RNA 
SCORE:     0.000         0.000          0          0          1    S_000001
   1 H     0.000  170.252   55.279   81.176 -149.268  -76.061   77.666   40.522   91.096 -179.831    0.296646   -1.399748   -0.508260   -0.765394   -1.544310   -1.598131   -1.847446   -0.702571   -1.232167    3.794    0.984    0.238 S_000001
   2 P   -49.066  170.274   48.955   78.808 -140.434  -59.895   70.956   37.621   99.529  -30.251    0.290599   -1.419712   -0.445559   -0.811181   -1.647056   -1.471525   -1.859244   -0.748901   -1.187082    8.512   -1.507   -2.546 S_000001
   3 H    48.657  170.592 -147.722  102.815    0.000    0.000   70.302   23.446   97.657 -143.837    0.369012   -1.117696   -0.957346   -0.838261   -1.280089   -1.864180   -1.935961   -0.677990   -1.215558    8.489   -6.501   -5.234 S_000001
