SEQUENCE: gag
SCORE:     score    rna_stub_coord_hack       N_WC      N_NWC       N_BS description
REMARK RNA 
SCORE:     3.575                  3.575          0          0          0    S_000001
   1 H     0.000  170.252   55.279  154.316  -87.383  121.204  109.599  -38.659  154.891 -122.446    0.319178   -0.048777   -1.489550   -0.765467   -1.002175   -1.985105   -1.911969   -0.716839   -1.204007    3.794    0.984    0.238 S_000001
   2 N   -26.065 -130.630  172.007  146.335 -141.275 -135.325   80.380  -33.279  151.090  147.354    0.335607   -0.153277   -1.484134   -0.814503   -1.030406   -1.984215   -1.942102   -0.701556   -1.201120    6.716    4.075    0.595 S_000001
   3 H   -58.836  167.991   54.164   76.827    0.000    0.000   75.063   35.564  107.171  -71.490    0.305284   -1.444876   -0.390773   -0.829271   -1.745243   -1.376393   -1.800066   -0.722383   -1.222196    6.054    9.531    4.188 S_000001
